// Jest Snapshot v1, https://goo.gl/fbAQLP

exports[`render correctly guess genre component 1`] = `
<section
  className="game game--genre"
>
  <header
    className="game__header"
  >
    <a
      className="game__back"
      href="#"
    >
      <span
        className="visually-hidden"
      >
        Сыграть ещё раз
      </span>
      <img
        alt="Угадай мелодию"
        className="game__logo"
        src="img/melody-logo-ginger.png"
      />
    </a>
    <svg
      className="timer"
      viewBox="0 0 780 780"
      xmlns="http://www.w3.org/2000/svg"
    >
      <circle
        className="timer__line"
        cx="390"
        cy="390"
        r="370"
        style={
          Object {
            "filter": "url(#blur)",
            "transform": "rotate(-90deg) scaleY(-1)",
            "transformOrigin": "center",
          }
        }
      />
    </svg>
    <div
      className="timer__value"
      xmlns="http://www.w3.org/1999/xhtml"
    >
      <span
        className="timer__mins"
      >
        05
      </span>
      <span
        className="timer__dots"
      >
        :
      </span>
      <span
        className="timer__secs"
      >
        00
      </span>
    </div>
    <div
      className="game__mistakes"
    >
      <div
        className="wrong"
      />
      <div
        className="wrong"
      />
      <div
        className="wrong"
      />
    </div>
  </header>
  <section
    className="game__screen"
  >
    <h2
      className="game__title"
    >
      Выберите инди-рок треки
    </h2>
    <form
      className="game__tracks"
      onSubmit={[Function]}
    >
      <div
        className="track"
      >
        <button
          className="track__button track__button--play"
          onClick={[Function]}
          type="button"
        />
        <div
          className="track__status"
        >
          <audio
            src="https://upload.wikimedia.org/wikipedia/en/transcoded/7/7d/ACDC_Itsalongway.ogg/ACDC_Itsalongway.ogg.mp3"
          />
        </div>
        <div
          className="game__answer"
        >
          <input
            className="game__input visually-hidden"
            id={1}
            name="answer"
            onChange={[Function]}
            type="checkbox"
            value="answer-1"
          />
          <label
            className="game__check"
            htmlFor={1}
          >
            Отметить
          </label>
        </div>
      </div>
      <div
        className="track"
      >
        <button
          className="track__button track__button--play"
          onClick={[Function]}
          type="button"
        />
        <div
          className="track__status"
        >
          <audio
            src="https://upload.wikimedia.org/wikipedia/en/transcoded/8/89/My_Kind_Of_Town_clip.ogg/My_Kind_Of_Town_clip.ogg.mp3"
          />
        </div>
        <div
          className="game__answer"
        >
          <input
            className="game__input visually-hidden"
            id={2}
            name="answer"
            onChange={[Function]}
            type="checkbox"
            value="answer-2"
          />
          <label
            className="game__check"
            htmlFor={2}
          >
            Отметить
          </label>
        </div>
      </div>
      <div
        className="track"
      >
        <button
          className="track__button track__button--play"
          onClick={[Function]}
          type="button"
        />
        <div
          className="track__status"
        >
          <audio
            src="https://upload.wikimedia.org/wikipedia/en/transcoded/4/40/Madonna_-_You%27ll_See.ogg/Madonna_-_You%27ll_See.ogg.mp3"
          />
        </div>
        <div
          className="game__answer"
        >
          <input
            className="game__input visually-hidden"
            id={3}
            name="answer"
            onChange={[Function]}
            type="checkbox"
            value="answer-3"
          />
          <label
            className="game__check"
            htmlFor={3}
          >
            Отметить
          </label>
        </div>
      </div>
      <div
        className="track"
      >
        <button
          className="track__button track__button--play"
          onClick={[Function]}
          type="button"
        />
        <div
          className="track__status"
        >
          <audio
            src="https://upload.wikimedia.org/wikipedia/ru/transcoded/d/d1/Rammstein_-_Keine_Lust.ogg/Rammstein_-_Keine_Lust.ogg.mp3"
          />
        </div>
        <div
          className="game__answer"
        >
          <input
            className="game__input visually-hidden"
            id={4}
            name="answer"
            onChange={[Function]}
            type="checkbox"
            value="answer-4"
          />
          <label
            className="game__check"
            htmlFor={4}
          >
            Отметить
          </label>
        </div>
      </div>
      <button
        className="game__submit button"
        type="submit"
      >
        Ответить
      </button>
    </form>
  </section>
</section>
`;
