// Jest Snapshot v1, https://goo.gl/fbAQLP

exports[`render correctly audio-player component 1`] = `
Array [
  <button
    className="track__button track__button--play"
    onClick={[Function]}
    type="button"
  />,
  <div
    className="track__status"
  >
    <audio
      src="https://upload.wikimedia.org/wikipedia/en/transcoded/7/7d/ACDC_Itsalongway.ogg/ACDC_Itsalongway.ogg.mp3"
    />
  </div>,
]
`;
